exception body from snippet
exception handler from snippet
