=========call print(false)=========
Enter basic block 1! index: 0 size: 2
Enter basic block!
Exit basic block!
Exit basic block 1!
Enter basic block 1! index: 2 size: 3
Enter basic block!
Exit basic block!
Enter basic block!
false
Exit basic block!
Exit basic block 1!
Enter basic block 1! index: 3 size: 1
Enter basic block!
Exit basic block!
Exit basic block 1!
=========call print(true) =========
Enter basic block 1! index: 0 size: 2
Enter basic block!
Exit basic block!
Exit basic block 1!
Enter basic block 1! index: 1 size: 4
Enter basic block!
Exit basic block!
Enter basic block!
true
Exit basic block!
Enter basic block!
Exit basic block!
Exit basic block 1!
Enter basic block 1! index: 3 size: 1
Enter basic block!
Exit basic block!
Exit basic block 1!
