=========call print(false)=========
try-clause
normal return
finally-clause
after null
=========call print(true) =========
try-clause
finally-clause
after java.lang.NumberFormatException: For input string: "1.0"
afterThrowning java.lang.NumberFormatException: For input string: "1.0"
