Enter basic block ! index: 0 loopstart? false
Enter basic block ! index: 1 loopstart? true
Enter basic block ! index: 2 loopstart? false
0
Enter basic block ! index: 1 loopstart? true
Enter basic block ! index: 2 loopstart? false
1
Enter basic block ! index: 1 loopstart? true
Enter basic block ! index: 2 loopstart? false
2
Enter basic block ! index: 1 loopstart? true
Enter basic block ! index: 2 loopstart? false
3
Enter basic block ! index: 1 loopstart? true
Enter basic block ! index: 3 loopstart? false
