Go ahead
this shold be printed
Go ahead
init or clniit
this shold be printed
Go ahead
this shold be printed
Inside TargetClass.private_method.
Go ahead
this shold be printed
Inside TargetClass.public_method.
