Throwing! for ethrowing1
Returning! for ereturning1
Throwing! for ethrowing2
Returning! for ereturning2
