this is a public method.
this is a public method.
this is a private method.
Inside TargetClass.private_method.
this is a public method.
Inside TargetClass.public_method.
