+++call print(false)+++
@Before
NumberFormatException handler
@AfterReturning
+++call print(true)+++
@Before
Exception handler
@AfterReturning
